2025-03-28 15:28:47,603 - INFO - Logging initialized successfully
2025-03-28 15:28:47,606 - INFO - Evaluating 15 localities: Airport, Bandra, Borivali, Colaba, Kalyan, Kandivali, Kurla, Mahape, Mulund, Nerul, Powai, Sion, Vasai, Vileparle, Worli
2025-03-28 15:28:47,606 - INFO - Using sequence_length=24, prediction_horizon=6
2025-03-28 15:28:47,608 - INFO - Evaluating locality: Airport
2025-03-28 15:28:47,608 - INFO - Loaded coordinates for 26 localities
2025-03-28 15:28:47,610 - INFO - Found 12 nearby localities for Airport
2025-03-28 15:28:47,611 - INFO -   - Vileparle: 2.54 km, weight: 0.2804
2025-03-28 15:28:47,612 - INFO -   - Vile Parle: 2.54 km, weight: 0.2804
2025-03-28 15:28:47,612 - INFO -   - Kurla: 3.04 km, weight: 0.2185
2025-03-28 15:28:47,612 - INFO -   - Andheri: 3.90 km, weight: 0.1426
2025-03-28 15:28:47,612 - INFO -   - Juhu: 4.45 km, weight: 0.1083
2025-03-28 15:28:47,612 - INFO -   - Bandra: 4.67 km, weight: 0.0967
2025-03-28 15:28:47,613 - INFO -   - Sion: 4.77 km, weight: 0.0919
2025-03-28 15:28:47,613 - INFO -   - Dharavi: 5.05 km, weight: 0.0801
2025-03-28 15:28:47,613 - INFO -   - Chembur: 5.14 km, weight: 0.0765
2025-03-28 15:28:47,613 - INFO -   - Powai: 5.45 km, weight: 0.0656
2025-03-28 15:28:47,613 - INFO -   - Dadar: 8.28 km, weight: 0.0159
2025-03-28 15:28:47,613 - INFO -   - Worli: 9.97 km, weight: 0.0068
2025-03-28 15:28:47,613 - INFO - Initializing LSTM Predictor for Airport
2025-03-28 15:28:47,614 - INFO - Sequence length: 24, Prediction horizon: 6
2025-03-28 15:28:47,614 - INFO - Loading cleaned data from spatial_cleaned_data\Airport_spatial_weighted.csv
2025-03-28 15:28:47,627 - INFO - Using spatial data from nearby localities to fill any remaining missing values
2025-03-28 15:28:47,628 - INFO - No missing PM2.5 values found
2025-03-28 15:28:47,628 - INFO - Loaded cleaned data with shape: (5305, 4)
2025-03-28 15:28:47,628 - INFO - Features selected: ['PM10', 'RH', 'AT']
2025-03-28 15:28:47,628 - INFO - Train data shape: (4244, 4), Test data shape: (1061, 4)
2025-03-28 15:28:47,629 - INFO - Loading existing model for Airport
2025-03-28 15:28:47,899 - INFO - Evaluating predictions for Airport
2025-03-28 15:28:47,899 - INFO - Preparing sequences from data with shape: (1061, 4)
2025-03-28 15:28:47,915 - INFO - Creating 1032 sequences...
2025-03-28 15:28:47,918 - INFO - Sequence preparation completed. X shape: (1032, 24, 22), y shape: (1032, 6)
2025-03-28 15:28:47,919 - INFO - Sequence preparation took 0.02 seconds
2025-03-28 15:28:49,330 - INFO - Evaluation completed in 1.43 seconds
2025-03-28 15:28:49,331 - INFO - Evaluation metrics - MAE: 6.56, RMSE: 8.50
2025-03-28 15:28:49,953 - INFO - Plots saved to plots/distance_Airport_predictions.png and plots/distance_Airport_error_distribution.png
2025-03-28 15:28:49,954 - INFO - Final Evaluation Results:
2025-03-28 15:28:49,954 - INFO - MAE: 6.56
2025-03-28 15:28:49,954 - INFO - RMSE: 8.50
2025-03-28 15:28:49,955 - INFO - MSE: 72.30
2025-03-28 15:28:49,956 - INFO - Evaluating locality: Bandra
2025-03-28 15:28:49,956 - INFO - Loaded coordinates for 26 localities
2025-03-28 15:28:49,959 - INFO - Found 12 nearby localities for Bandra
2025-03-28 15:28:49,959 - INFO -   - Dharavi: 2.26 km, weight: 0.3231
2025-03-28 15:28:49,959 - INFO -   - Sion: 2.60 km, weight: 0.2723
2025-03-28 15:28:49,960 - INFO -   - Dadar: 4.14 km, weight: 0.1262
2025-03-28 15:28:49,960 - INFO -   - Kurla: 4.30 km, weight: 0.1163
2025-03-28 15:28:49,960 - INFO -   - Airport: 4.67 km, weight: 0.0967
2025-03-28 15:28:49,960 - INFO -   - Vileparle: 4.99 km, weight: 0.0826
2025-03-28 15:28:49,960 - INFO -   - Vile Parle: 4.99 km, weight: 0.0825
2025-03-28 15:28:49,960 - INFO -   - Worli: 5.33 km, weight: 0.0697
2025-03-28 15:28:49,960 - INFO -   - Juhu: 5.91 km, weight: 0.0520
2025-03-28 15:28:49,960 - INFO -   - Chembur: 6.08 km, weight: 0.0479
2025-03-28 15:28:49,961 - INFO -   - Andheri: 7.19 km, weight: 0.0274
2025-03-28 15:28:49,961 - INFO -   - Powai: 9.98 km, weight: 0.0068
2025-03-28 15:28:49,961 - INFO - Initializing LSTM Predictor for Bandra
2025-03-28 15:28:49,961 - INFO - Sequence length: 24, Prediction horizon: 6
2025-03-28 15:28:49,962 - INFO - Loading cleaned data from spatial_cleaned_data\Bandra_spatial_weighted.csv
2025-03-28 15:28:49,972 - INFO - Using spatial data from nearby localities to fill any remaining missing values
2025-03-28 15:28:49,972 - INFO - No missing PM2.5 values found
2025-03-28 15:28:49,973 - INFO - Loaded cleaned data with shape: (5441, 4)
2025-03-28 15:28:49,973 - INFO - Features selected: ['PM10', 'RH', 'AT']
2025-03-28 15:28:49,973 - INFO - Train data shape: (4352, 4), Test data shape: (1089, 4)
2025-03-28 15:28:49,973 - INFO - Loading existing model for Bandra
2025-03-28 15:28:50,176 - INFO - Evaluating predictions for Bandra
2025-03-28 15:28:50,176 - INFO - Preparing sequences from data with shape: (1089, 4)
2025-03-28 15:28:50,190 - INFO - Creating 1060 sequences...
2025-03-28 15:28:50,193 - INFO - Sequence preparation completed. X shape: (1060, 24, 22), y shape: (1060, 6)
2025-03-28 15:28:50,193 - INFO - Sequence preparation took 0.02 seconds
2025-03-28 15:28:51,318 - INFO - Evaluation completed in 1.14 seconds
2025-03-28 15:28:51,318 - INFO - Evaluation metrics - MAE: 9.47, RMSE: 12.76
2025-03-28 15:28:51,851 - INFO - Plots saved to plots/distance_Bandra_predictions.png and plots/distance_Bandra_error_distribution.png
2025-03-28 15:28:51,852 - INFO - Final Evaluation Results:
2025-03-28 15:28:51,852 - INFO - MAE: 9.47
2025-03-28 15:28:51,852 - INFO - RMSE: 12.76
2025-03-28 15:28:51,852 - INFO - MSE: 162.89
2025-03-28 15:28:51,854 - INFO - Evaluating locality: Borivali
2025-03-28 15:28:51,854 - INFO - Loaded coordinates for 26 localities
2025-03-28 15:28:51,857 - INFO - Found 2 nearby localities for Borivali
2025-03-28 15:28:51,857 - INFO -   - Kandivali: 3.02 km, weight: 0.2211
2025-03-28 15:28:51,858 - INFO -   - Malad: 4.78 km, weight: 0.0917
2025-03-28 15:28:51,858 - INFO - Initializing LSTM Predictor for Borivali
2025-03-28 15:28:51,858 - INFO - Sequence length: 24, Prediction horizon: 6
2025-03-28 15:28:51,858 - INFO - Loading cleaned data from spatial_cleaned_data\Borivali_spatial_weighted.csv
2025-03-28 15:28:51,868 - INFO - Using spatial data from nearby localities to fill any remaining missing values
2025-03-28 15:28:51,868 - INFO - No missing PM2.5 values found
2025-03-28 15:28:51,869 - INFO - Loaded cleaned data with shape: (5425, 4)
2025-03-28 15:28:51,869 - INFO - Features selected: ['PM10', 'RH', 'AT']
2025-03-28 15:28:51,870 - INFO - Train data shape: (4340, 4), Test data shape: (1085, 4)
2025-03-28 15:28:51,870 - INFO - Loading existing model for Borivali
2025-03-28 15:28:52,090 - INFO - Evaluating predictions for Borivali
2025-03-28 15:28:52,091 - INFO - Preparing sequences from data with shape: (1085, 4)
2025-03-28 15:28:52,106 - INFO - Creating 1056 sequences...
2025-03-28 15:28:52,109 - INFO - Sequence preparation completed. X shape: (1056, 24, 22), y shape: (1056, 6)
2025-03-28 15:28:52,109 - INFO - Sequence preparation took 0.02 seconds
2025-03-28 15:28:52,918 - INFO - Evaluation completed in 0.83 seconds
2025-03-28 15:28:52,919 - INFO - Evaluation metrics - MAE: 5.95, RMSE: 9.14
2025-03-28 15:28:53,639 - INFO - Plots saved to plots/distance_Borivali_predictions.png and plots/distance_Borivali_error_distribution.png
2025-03-28 15:28:53,640 - INFO - Final Evaluation Results:
2025-03-28 15:28:53,640 - INFO - MAE: 5.95
2025-03-28 15:28:53,641 - INFO - RMSE: 9.14
2025-03-28 15:28:53,641 - INFO - MSE: 83.59
2025-03-28 15:28:53,642 - INFO - Evaluating locality: Colaba
2025-03-28 15:28:53,643 - INFO - Loaded coordinates for 26 localities
2025-03-28 15:28:53,645 - INFO - Found 1 nearby localities for Colaba
2025-03-28 15:28:53,646 - INFO -   - Malabar Hill: 5.33 km, weight: 0.0696
2025-03-28 15:28:53,646 - INFO - Initializing LSTM Predictor for Colaba
2025-03-28 15:28:53,646 - INFO - Sequence length: 24, Prediction horizon: 6
2025-03-28 15:28:53,646 - INFO - Loading cleaned data from spatial_cleaned_data\Colaba_spatial_weighted.csv
2025-03-28 15:28:53,656 - INFO - Using spatial data from nearby localities to fill any remaining missing values
2025-03-28 15:28:53,656 - INFO - No missing PM2.5 values found
2025-03-28 15:28:53,657 - INFO - Loaded cleaned data with shape: (4801, 4)
2025-03-28 15:28:53,657 - INFO - Features selected: ['PM10', 'RH', 'AT']
2025-03-28 15:28:53,658 - INFO - Train data shape: (3840, 4), Test data shape: (961, 4)
2025-03-28 15:28:53,658 - INFO - Loading existing model for Colaba
2025-03-28 15:28:53,878 - INFO - Evaluating predictions for Colaba
2025-03-28 15:28:53,878 - INFO - Preparing sequences from data with shape: (961, 4)
2025-03-28 15:28:53,890 - INFO - Creating 932 sequences...
2025-03-28 15:28:53,893 - INFO - Sequence preparation completed. X shape: (932, 24, 22), y shape: (932, 6)
2025-03-28 15:28:53,893 - INFO - Sequence preparation took 0.02 seconds
2025-03-28 15:28:55,164 - INFO - Evaluation completed in 1.29 seconds
2025-03-28 15:28:55,164 - INFO - Evaluation metrics - MAE: 1.99, RMSE: 4.08
2025-03-28 15:28:55,854 - INFO - Plots saved to plots/distance_Colaba_predictions.png and plots/distance_Colaba_error_distribution.png
2025-03-28 15:28:55,855 - INFO - Final Evaluation Results:
2025-03-28 15:28:55,856 - INFO - MAE: 1.99
2025-03-28 15:28:55,856 - INFO - RMSE: 4.08
2025-03-28 15:28:55,856 - INFO - MSE: 16.67
2025-03-28 15:28:55,857 - INFO - Evaluating locality: Kalyan
2025-03-28 15:28:55,858 - INFO - Loaded coordinates for 26 localities
2025-03-28 15:28:55,861 - INFO - Found 0 nearby localities for Kalyan
2025-03-28 15:28:55,861 - INFO - Initializing LSTM Predictor for Kalyan
2025-03-28 15:28:55,861 - INFO - Sequence length: 24, Prediction horizon: 6
2025-03-28 15:28:55,862 - INFO - Loading cleaned data from spatial_cleaned_data\Kalyan_spatial_weighted.csv
2025-03-28 15:28:55,873 - WARNING - Data still contains NaN values. Filling with forward and backward fill.
2025-03-28 15:28:55,875 - INFO - Loaded cleaned data with shape: (5442, 4)
2025-03-28 15:28:55,875 - INFO - Features selected: ['PM10', 'RH', 'AT']
2025-03-28 15:28:55,875 - INFO - Train data shape: (4353, 4), Test data shape: (1089, 4)
2025-03-28 15:28:55,876 - INFO - Loading existing model for Kalyan
2025-03-28 15:28:56,108 - INFO - Evaluating predictions for Kalyan
2025-03-28 15:28:56,108 - INFO - Preparing sequences from data with shape: (1089, 4)
2025-03-28 15:28:56,120 - INFO - Creating 1060 sequences...
2025-03-28 15:28:56,122 - INFO - Sequence preparation completed. X shape: (1060, 24, 22), y shape: (1060, 6)
2025-03-28 15:28:56,123 - INFO - Sequence preparation took 0.01 seconds
